BL51 BANKED LINKER/LOCATER V6.22                                                        11/06/2019  11:03:48  PAGE 1


BL51 BANKED LINKER/LOCATER V6.22, INVOKED BY:
E:\PROGRAM FILE\KEIL4\C51\BIN\BL51.EXE .\Objects\STARTUP.obj, .\Objects\main.obj, .\Objects\51_time.obj TO .\Objects\¶¨Ê
>> ±ÖÐ¶Ï PRINT (.\Listings\¶¨Ê±ÖÐ¶Ï.m51) RAMSIZE (256)


MEMORY MODEL: SMALL


INPUT MODULES INCLUDED:
  .\Objects\STARTUP.obj (?C_STARTUP)
  .\Objects\main.obj (MAIN)
  .\Objects\51_time.obj (51_TIME)


LINK MAP OF MODULE:  .\Objects\¶¨Ê±ÖÐ¶Ï (?C_STARTUP)


            TYPE    BASE      LENGTH    RELOCATION   SEGMENT NAME
            -----------------------------------------------------

            * * * * * * *   D A T A   M E M O R Y   * * * * * * *
            REG     0000H     0008H     ABSOLUTE     "REG BANK 0"
            IDATA   0008H     0001H     UNIT         ?STACK

            * * * * * * *   C O D E   M E M O R Y   * * * * * * *
            CODE    0000H     0003H     ABSOLUTE     
                    0003H     07FDH                  *** GAP ***
            CODE    0800H     000CH     UNIT         ?C_C51STARTUP
            CODE    080CH     0001H     UNIT         ?PR?DELAY?MAIN
            CODE    080DH     0001H     UNIT         ?PR?MAIN?MAIN
            CODE    080EH     0001H     UNIT         ?PR?DELAY?51_TIME
            CODE    080FH     0001H     UNIT         ?PR?MAIN?51_TIME



OVERLAY MAP OF MODULE:   .\Objects\¶¨Ê±ÖÐ¶Ï (?C_STARTUP)


SEGMENT
  +--> CALLED SEGMENT
---------------------
?C_C51STARTUP
  +--> ?PR?MAIN?MAIN



IGNORED SYMBOLS:
   DELAY
   MAIN



SYMBOL TABLE OF MODULE:  .\Objects\¶¨Ê±ÖÐ¶Ï (?C_STARTUP)

  VALUE           TYPE          NAME
  ----------------------------------

  -------         MODULE        ?C_STARTUP
BL51 BANKED LINKER/LOCATER V6.22                                                      11/06/2019  11:03:48  PAGE 2


  C:0800H         SEGMENT       ?C_C51STARTUP
  I:0008H         SEGMENT       ?STACK
  C:0000H         PUBLIC        ?C_STARTUP
  D:00E0H         SYMBOL        ACC
  D:00F0H         SYMBOL        B
  D:0083H         SYMBOL        DPH
  D:0082H         SYMBOL        DPL
  N:0000H         SYMBOL        IBPSTACK
  N:0100H         SYMBOL        IBPSTACKTOP
  N:0080H         SYMBOL        IDATALEN
  C:0803H         SYMBOL        IDATALOOP
  N:0000H         SYMBOL        PBPSTACK
  N:0100H         SYMBOL        PBPSTACKTOP
  N:0000H         SYMBOL        PDATALEN
  N:0000H         SYMBOL        PDATASTART
  N:0000H         SYMBOL        PPAGE
  N:0000H         SYMBOL        PPAGEENABLE
  D:00A0H         SYMBOL        PPAGE_SFR
  D:0081H         SYMBOL        SP
  C:0800H         SYMBOL        STARTUP1
  N:0000H         SYMBOL        XBPSTACK
  N:0000H         SYMBOL        XBPSTACKTOP
  N:0000H         SYMBOL        XDATALEN
  N:0000H         SYMBOL        XDATASTART
  C:0000H         LINE#         126
  C:0800H         LINE#         133
  C:0802H         LINE#         134
  C:0803H         LINE#         135
  C:0804H         LINE#         136
  C:0806H         LINE#         185
  C:0809H         LINE#         196
  -------         ENDMOD        ?C_STARTUP

  -------         MODULE        MAIN
  C:0000H         SYMBOL        _ICE_DUMMY_
  D:0090H         PUBLIC        P1
  D:00B0H         PUBLIC        P3
  D:00A8H         PUBLIC        IE
  C:080CH         PUBLIC        delay
  D:00B8H         PUBLIC        IP
  C:080DH         PUBLIC        main
  D:0098H         PUBLIC        SCON
  D:0088H         PUBLIC        TCON
  D:00C8H         PUBLIC        T2CON
  D:00D0H         PUBLIC        PSW
  -------         PROC          DELAY
  C:080CH         LINE#         3
  C:080CH         LINE#         4
  C:080CH         LINE#         5
  -------         ENDPROC       DELAY
  -------         PROC          MAIN
  C:080DH         LINE#         6
  C:080DH         LINE#         7
  C:080DH         LINE#         8
  -------         ENDPROC       MAIN
  -------         ENDMOD        MAIN

BL51 BANKED LINKER/LOCATER V6.22                                                      11/06/2019  11:03:48  PAGE 3


  -------         MODULE        51_TIME
  C:0000H         SYMBOL        _ICE_DUMMY_
  D:0090H         PUBLIC        P1
  D:00B0H         PUBLIC        P3
  D:00A8H         PUBLIC        IE
  C:080EH         PUBLIC        delay
  D:00B8H         PUBLIC        IP
  C:080FH         PUBLIC        main
  D:0098H         PUBLIC        SCON
  D:0088H         PUBLIC        TCON
  D:00C8H         PUBLIC        T2CON
  D:00D0H         PUBLIC        PSW
  -------         PROC          DELAY
  C:080EH         LINE#         3
  C:080EH         LINE#         4
  C:080EH         LINE#         5
  -------         ENDPROC       DELAY
  -------         PROC          MAIN
  C:080FH         LINE#         6
  C:080FH         LINE#         7
  C:080FH         LINE#         8
  -------         ENDPROC       MAIN
  -------         ENDMOD        51_TIME

*** ERROR L104: MULTIPLE PUBLIC DEFINITIONS
    SYMBOL:  MAIN
    MODULE:  .\Objects\51_time.obj (51_TIME)

*** ERROR L104: MULTIPLE PUBLIC DEFINITIONS
    SYMBOL:  DELAY
    MODULE:  .\Objects\51_time.obj (51_TIME)

*** WARNING L16: UNCALLED SEGMENT, IGNORED FOR OVERLAY PROCESS
    SEGMENT: ?PR?DELAY?MAIN

*** WARNING L16: UNCALLED SEGMENT, IGNORED FOR OVERLAY PROCESS
    SEGMENT: ?PR?DELAY?51_TIME

*** WARNING L16: UNCALLED SEGMENT, IGNORED FOR OVERLAY PROCESS
    SEGMENT: ?PR?MAIN?51_TIME

******************************************************************************
* RESTRICTED VERSION WITH 0800H BYTE CODE SIZE LIMIT; USED: 0013H BYTE ( 0%) *
******************************************************************************

Program Size: data=9.0 xdata=0 code=19
LINK/LOCATE RUN COMPLETE.  3 WARNING(S),  2 ERROR(S)
