<html>
<body>
<pre>
<h1>礦ision Build Log</h1>
<h2>Tool Versions:</h2>
IDE-Version: μVision V5.23.0.0
Copyright (C) 2017 ARM Ltd and ARM Germany GmbH. All rights reserved.
License Information: hHh h, h, LIC=----
 
Tool Versions:
Toolchain:       MDK-Lite  Version: 5.23
Toolchain Path:  E:\Programe File\ARM\ARMCC\Bin
C Compiler:      Armcc.exe V5.06 update 4 (build 422)
Assembler:       Armasm.exe V5.06 update 4 (build 422)
Linker/Locator:  ArmLink.exe V5.06 update 4 (build 422)
Library Manager: ArmAr.exe V5.06 update 4 (build 422)
Hex Converter:   FromElf.exe V5.06 update 4 (build 422)
CPU DLL:         SARMCM3.DLL V5.23
Dialog DLL:      DCM.DLL V1.15.0.0
Target DLL:      STLink\ST-LINKIII-KEIL_SWO.dll V2.0.18.0
Dialog DLL:      TCM.DLL V1.27.0.0
 
<h2>Project:</h2>
C:\Users\hans\Documents\GitHub\learn_stm32\14GeneralTime_输入捕获-测量脉冲宽度bug_tim5\Project\Fwlib_hans.uvprojx
Project File Date:  06/01/2019

<h2>Output:</h2>
*** Using Compiler 'V5.06 update 4 (build 422)', folder: 'E:\Programe File\ARM\ARMCC\Bin'
Build target 'Target 1'
compiling midd_GeneralTim.c...
..\User\GeneralTim\midd_GeneralTim.c(133): warning:  #177-D: variable "CCR3_Val"  was declared but never referenced
  	uint16_t CCR3_Val = 4-1;
..\User\GeneralTim\midd_GeneralTim.c: 1 warning, 0 errors
linking...
Program Size: Code=4440 RO-data=336 RW-data=32 ZI-data=1024  
FromELF: creating hex file...
".\Objects\Fwlib_hans.axf" - 0 Error(s), 1 Warning(s).

<h2>Collection of Component include folders:</h2>
  .\RTE\_Target_1
  E:\Programe File\ARM\PACK\Keil\STM32F1xx_DFP\2.2.0\Device\Include

<h2>Collection of Component Files used:</h2>
Build Time Elapsed:  00:00:02
</pre>
</body>
</html>
